[2025-03-13 12:08:32] [INFO] [processSearcher.cpp:50] 0
